{
  "foldername": ".jostraca",
  "filename": "jostraca.meta.log",
  "last": 1791541331050,
  "hlast": 2026100910221105,
  "files": {
    ".github/workflows/docgen.yml": {
      "action": "write",
      "path": ".github/workflows/docgen.yml",
      "exists": false,
      "actions": [
        "write"
      ],
      "protect": false,
      "conflict": false,
      "when": 1791541331044,
      "hwhen": 2026100910221104
    },
    ".sdk/doc/generated.json": {
      "action": "write",
      "path": ".sdk/doc/generated.json",
      "exists": false,
      "actions": [
        "write"
      ],
      "protect": false,
      "conflict": false,
      "when": 1791541331044,
      "hwhen": 2026100910221104
    },
    ".sdk/doc/qa-manifest.json": {
      "action": "write",
      "path": ".sdk/doc/qa-manifest.json",
      "exists": false,
      "actions": [
        "write"
      ],
      "protect": false,
      "conflict": false,
      "when": 1791541331045,
      "hwhen": 2026100910221104
    },
    ".sdk/doc/qa/pages-job.yml": {
      "action": "write",
      "path": ".sdk/doc/qa/pages-job.yml",
      "exists": false,
      "actions": [
        "write"
      ],
      "protect": false,
      "conflict": false,
      "when": 1791541331045,
      "hwhen": 2026100910221104
    },
    ".sdk/doc/qa/STYLE-GUIDE.md": {
      "action": "write",
      "path": ".sdk/doc/qa/STYLE-GUIDE.md",
      "exists": false,
      "actions": [
        "write"
      ],
      "protect": false,
      "conflict": false,
      "when": 1791541331046,
      "hwhen": 2026100910221104
    },
    ".sdk/doc/qa/styles/config/vocabularies/Docgen/accept.txt": {
      "action": "write",
      "path": ".sdk/doc/qa/styles/config/vocabularies/Docgen/accept.txt",
      "exists": false,
      "actions": [
        "write"
      ],
      "protect": false,
      "conflict": false,
      "when": 1791541331047,
      "hwhen": 2026100910221104
    },
    ".sdk/doc/qa/styles/config/vocabularies/Docgen/reject.txt": {
      "action": "write",
      "path": ".sdk/doc/qa/styles/config/vocabularies/Docgen/reject.txt",
      "exists": false,
      "actions": [
        "write"
      ],
      "protect": false,
      "conflict": false,
      "when": 1791541331047,
      "hwhen": 2026100910221104
    },
    ".sdk/doc/qa/styles/Docgen/WordChoice.yml": {
      "action": "write",
      "path": ".sdk/doc/qa/styles/Docgen/WordChoice.yml",
      "exists": false,
      "actions": [
        "write"
      ],
      "protect": false,
      "conflict": false,
      "when": 1791541331048,
      "hwhen": 2026100910221104
    },
    ".sdk/doc/qa/vale.ini": {
      "action": "write",
      "path": ".sdk/doc/qa/vale.ini",
      "exists": false,
      "actions": [
        "write"
      ],
      "protect": false,
      "conflict": false,
      "when": 1791541331048,
      "hwhen": 2026100910221104
    },
    ".sdk/doc/qa/workflow.yml": {
      "action": "write",
      "path": ".sdk/doc/qa/workflow.yml",
      "exists": false,
      "actions": [
        "write"
      ],
      "protect": false,
      "conflict": false,
      "when": 1791541331049,
      "hwhen": 2026100910221104
    },
    "SUMMARY.md": {
      "action": "write",
      "path": "SUMMARY.md",
      "exists": false,
      "actions": [
        "write"
      ],
      "protect": false,
      "conflict": false,
      "when": 1791541331049,
      "hwhen": 2026100910221104
    }
  }
}